GPR0 0000000000000000
GPR1 00000000637C0000
GPR2 0000000000007972
GPR3 0000000321487624
GPR4 FFFFFFFFFFFFFFFF
GPR5 FFFFFFFFCF6FF8D6
GPR6 FFFFFFFCFFFFFFFB
GPR7 0000000000000000
GPR8 000142F8000142F8
GPR9 0000000300000003
GPR10 0000000000000000
GPR11 FFFFFFFFCF6FF8D5
GPR12 0000000000000001
GPR13 0000000000000000
GPR14 FFFFFFFFCF6FF8D6
GPR15 FFFFFFFF131CF8D5
GPR16 00000000000075CC
GPR17 0000000000000000
GPR18 0000000000000000
GPR19 0000000000000000
GPR20 FFFFFFFFFFFFE76F
GPR21 0000000000000000
GPR22 0000000000000000
GPR23 000000000000001E
GPR24 0000000000000000
GPR25 000000000001C020
GPR26 0000000000000000
GPR27 0000000000000000
GPR28 0000000000000020
GPR29 0000000000000000
GPR30 FFFFFFFFFFFFFFDF
GPR31 
CR 0000000030900729
LR 0000000000000000
CTR FFFFFFFFFFFFFFDF
XER 00000000A007FFFF

