GPR0 0000000000000040
GPR1 000000000001C039
GPR2 0000000000000001
GPR3 0000000000000000
GPR4 0000000000000001
GPR5 0000000000000000
GPR6 0000000000000000
GPR7 000000000001C000
GPR8 0000000000000000
GPR9 0000000000000000
GPR10 0000000000000000
GPR11 000000B680000000
GPR12 0000000000008004
GPR13 FFFFFFFFFFFFFFFF
GPR14 0000000000000000
GPR15 0001C01F0001C01F
GPR16 0000000000000000
GPR17 0000000000000000
GPR18 0001C01F0001C01F
GPR19 0000000000000000
GPR20 FFFFFFFFFFFFFFFF
GPR21 000000000001C000
GPR22 0000000000000001
GPR23 0000000000000000
GPR24 0000000000000000
GPR25 FFFFFFFFFFFFFFFE
GPR26 0000000000000000
GPR27 0000000000000000
GPR28 0000924924924924
GPR29 0000000000000040
GPR30 0000000000000000
GPR31 
CR 00000000300DE5AC
LR FFFFFFFFFFFFFFFF
CTR 0000000000000000
XER 00000000C0080000

