GPR0 0000000000000000
GPR1 0000000000000000
GPR2 0000000000000000
GPR3 0000000000000000
GPR4 0000000000000000
GPR5 0000000000000000
GPR6 0000000000000001
GPR7 0000000000000000
GPR8 00000000200C0000
GPR9 0000000000000000
GPR10 FFFFFFFFFFFFA0E7
GPR11 0000000000000000
GPR12 0000000000000000
GPR13 0000000000000000
GPR14 0000000000000000
GPR15 0000000000000000
GPR16 0000000000000000
GPR17 FFFFFFFFFFFFFFFF
GPR18 000000000001C020
GPR19 0000000000000000
GPR20 0000000000006618
GPR21 0000000000000000
GPR22 FFFFFFFFFFFFFFFF
GPR23 FFFFFFFFFFFFD591
GPR24 0000000000000700
GPR25 FFFFFFFFFFFF99E7
GPR26 0000000000000700
GPR27 0000000000000000
GPR28 0000000000000000
GPR29 0000000000000000
GPR30 0000000000000000
GPR31 
CR 0000000039957E30
LR 0000000000000700
CTR FFFFFFFFFFFFFFFE
XER 0000000080000000

