GPR0 0000000000000000
GPR1 000000000001C020
GPR2 FF800000007FFFFF
GPR3 0000000000000000
GPR4 0000000000000000
GPR5 0000000000000000
GPR6 0000000000000000
GPR7 FFFFFFFFFFFFFF00
GPR8 0000000000000040
GPR9 0000000000000000
GPR10 0000000000000001
GPR11 FFFFFFFFFFFF99CC
GPR12 0000000000000140
GPR13 0000000000000000
GPR14 0000000000006634
GPR15 00000000005B7053
GPR16 000000000001C020
GPR17 0000000000000000
GPR18 000000000000B6F1
GPR19 0001F82400019FFF
GPR20 0000000000000000
GPR21 FFFFFFFFFFFFFFFF
GPR22 FFFFFFFFFFFFFF00
GPR23 0000000000000000
GPR24 0000000000000000
GPR25 0000000000000000
GPR26 FFFFFFFFFFFFFFFF
GPR27 0001F824000125EA
GPR28 0000000000000000
GPR29 0000000000000003
GPR30 0000000000000001
GPR31 
CR 000000005BFFF154
LR 0000000000000000
CTR 000000000001C020
XER 000000008003F825

