GPR0 0000000000000000
GPR1 0000000000000040
GPR2 0000000000000000
GPR3 0000000000000000
GPR4 FFFFFFFFFFFFFFFF
GPR5 0000000000000000
GPR6 0000000000000000
GPR7 0000000000000000
GPR8 0000000000000000
GPR9 0000000000000000
GPR10 0000000000000020
GPR11 0000000000000000
GPR12 0000000000000000
GPR13 0000000000000000
GPR14 0000000000000000
GPR15 0000000000000000
GPR16 0000000000000004
GPR17 0000000000000000
GPR18 0000000000000000
GPR19 FFFFFFFFFFFFAF14
GPR20 0000000000000000
GPR21 0000000000000000
GPR22 0000000000000000
GPR23 0000000000000000
GPR24 0000000000000000
GPR25 FF9AC43D189120AD
GPR26 E2801FFFFFFFFFF5
GPR27 0000000000000020
GPR28 0000000000000000
GPR29 0000000000000020
GPR30 0000000000000000
GPR31 
CR 0000000059309B51
LR 0000000000000000
CTR FFFFFFFFFFFFFFFF
XER 0000000080000000

