GPR0 FFFFFFFFFFFFFFFF
GPR1 0000000000000000
GPR2 0000000000000000
GPR3 0000000000000007
GPR4 FFFFFFFFFFFFFFFF
GPR5 0000000000000000
GPR6 00000000B9D3B310
GPR7 0000000000000000
GPR8 0000000000000000
GPR9 FFFFFFFFFFFFD43E
GPR10 0000000000000000
GPR11 0000000000002BC1
GPR12 0000000000000000
GPR13 FFFFFFFFFFFFFFFF
GPR14 0000000000000008
GPR15 0000000000000018
GPR16 FF2C862500000000
GPR17 0000000000000000
GPR18 FFFFFFFFFFFFFFF7
GPR19 0000000000000000
GPR20 00000000C9200000
GPR21 000000000001C034
GPR22 0000000000000000
GPR23 0000000000000000
GPR24 0000000000000008
GPR25 0000000000000008
GPR26 0000000000000000
GPR27 0000000000000000
GPR28 FFFFFFFFFFFFFFFF
GPR29 000000000001C034
GPR30 0000000000000000
GPR31 
CR 00000000394F8049
LR FFFFFFFFFFC7FC80
CTR 0000000000000000
XER 0000000080000000

