GPR0 0000000000000000
GPR1 FFFFFFFFFFFFFFFF
GPR2 0000000000000000
GPR3 0000000000000000
GPR4 0000000000000000
GPR5 0000000000000000
GPR6 0000000000000000
GPR7 FFFFFFFF98D20D88
GPR8 0000000000000000
GPR9 0000000080000000
GPR10 0000000000000000
GPR11 000000000001C01F
GPR12 0000000000000000
GPR13 0000000000000000
GPR14 0000000000000000
GPR15 0000000000000000
GPR16 0000000000000000
GPR17 0000000000000000
GPR18 0808080808080808
GPR19 0000000000000000
GPR20 00000000387D0000
GPR21 0000000000000000
GPR22 A339CA01A3380001
GPR23 0000000000000000
GPR24 0000000000000000
GPR25 0000000080000000
GPR26 0000000000000000
GPR27 0000000000000000
GPR28 DA5217FFD19CE500
GPR29 0000000000000000
GPR30 000000007CBC0000
GPR31 
CR 0000000030150F00
LR FFFFFFFF98D20D88
CTR 0000000000000000
XER 0000000080000000

