GPR0 0000000000000000
GPR1 000000000001C01F
GPR2 0000000000000001
GPR3 FFFFFFFFFFFFFFFF
GPR4 FFFFFFFFFFFF98EA
GPR5 FFFFFFFFFFFFFFFF
GPR6 0000000000000000
GPR7 0000000000000002
GPR8 0000000000000020
GPR9 000000000001C020
GPR10 000000001FFF0CC2
GPR11 0000000000000000
GPR12 0000000000000020
GPR13 0000000000000002
GPR14 0000000000000000
GPR15 0000000000000040
GPR16 0000000000000000
GPR17 0200000000000000
GPR18 0000000000000000
GPR19 0000000000000000
GPR20 000000001FFF98EA
GPR21 0000000000000000
GPR22 0000000000000000
GPR23 000000000001C020
GPR24 FFFFFFFFFFFF98EA
GPR25 0000000000000000
GPR26 0000000000000020
GPR27 0000000000000000
GPR28 0000000000006715
GPR29 00000000A0040000
GPR30 0000000000000001
GPR31 
CR 0000000035809994
LR 000000000001C020
CTR 000000000001C01E
XER 00000000C0080000

