GPR0 FFFFFFFFFFFFFFFF
GPR1 0000000000000000
GPR2 0000000000000000
GPR3 0000000000000000
GPR4 0000000080000020
GPR5 0000000000000000
GPR6 0000000000000000
GPR7 00000000000035AA
GPR8 000000000000617B
GPR9 0000000000000000
GPR10 0000000000000000
GPR11 0000000000000000
GPR12 FFFFFFFFFFFE140E
GPR13 0000000000000000
GPR14 0000000000000000
GPR15 0000000000000000
GPR16 0000000000000000
GPR17 0000000000000000
GPR18 0000000000000008
GPR19 000000000000003E
GPR20 FFFFC28000000000
GPR21 0000000000000000
GPR22 00000007FFFFFFC0
GPR23 0000000000000003
GPR24 0000000000000020
GPR25 FFFFFFFFFFFFFFFF
GPR26 000000000001C034
GPR27 0000000000000000
GPR28 FFFFFFF800000000
GPR29 0000000000000000
GPR30 FFFFFFFFFFFE3FCC
GPR31 
CR 000000003F353195
LR 0000000000000000
CTR FFFFFFFFFFFE3FC2
XER 0000000080000020

