GPR0 FFFFFFFFFFFFFFFF
GPR1 0000000000000000
GPR2 0000000000001066
GPR3 000000000001C020
GPR4 FFFFFFFEFFE003FE
GPR5 0008080604436B1A
GPR6 0000000000000002
GPR7 FFFFFFFFFFFFFFFF
GPR8 0000000004436B1A
GPR9 00000000000015C8
GPR10 FFFFFFFFE00003FE
GPR11 FFFFFFFEFFE003FE
GPR12 0000000000000000
GPR13 0000000000000000
GPR14 FFFFFFFFFFFE3FDF
GPR15 0000000000000001
GPR16 0000000000000000
GPR17 00000000C0200001
GPR18 0000000000000001
GPR19 0000000000000000
GPR20 FFFFFEFFFFFFFFFF
GPR21 0000000000000000
GPR22 0000000000000000
GPR23 FFFFFFFFFFFE3FDF
GPR24 FFFFFFFFFFFE3FDF
GPR25 0000000000000020
GPR26 0000000100000000
GPR27 0000000100000000
GPR28 0000000000000001
GPR29 FFFFFFFFFFFFFFFF
GPR30 FFFFFFFFFFFE3FDF
GPR31 
CR 0000000090000020
LR FFFFFFFFFFFFFFFF
CTR 0000000000000000
XER 00000000C0080000

