GPR0 0000000000000000
GPR1 0000000000000000
GPR2 FFFFFFFFFFFFFFFF
GPR3 0000000000000002
GPR4 00000000298D8775
GPR5 FFFFFFFFEE44FF12
GPR6 0000000027660002
GPR7 FFFFFFFFD899FFFE
GPR8 FFFFFFFFFFFFFFFF
GPR9 000000000000000B
GPR10 FFFFFFFFFFFFFFFF
GPR11 0000000000000000
GPR12 0000000011BB010C
GPR13 000000000000001E
GPR14 0000000000000000
GPR15 0000000000000000
GPR16 000000000000001E
GPR17 0000000000000000
GPR18 0000000027660002
GPR19 0000000000000000
GPR20 000000000001C020
GPR21 0000000000000000
GPR22 0000000000000000
GPR23 000000000000001E
GPR24 0000000000000000
GPR25 0000000000000040
GPR26 0000000000000000
GPR27 0000000000000000
GPR28 FFFFFFFFFFFFFFFF
GPR29 0000000000000000
GPR30 0000000000000000
GPR31 
CR 00000000998D8775
LR FFFFFFFFFFFE3ABC
CTR 0000000000000000
XER 0000000020040002

