GPR0 FFFFFFFFFF8AB8F7
GPR1 FFFFFFFFFF8AB8F7
GPR2 FFFFFFFFFFFFFFFF
GPR3 0000000000000000
GPR4 FFFFFFFFFFFF8E85
GPR5 0000000000000000
GPR6 0000000000000000
GPR7 0000000000000003
GPR8 0000000000000000
GPR9 0000002000000020
GPR10 0000000000000000
GPR11 0000000000000000
GPR12 FFFFFFFFFF8AB8F6
GPR13 FFFFFFFFFFFFFFFF
GPR14 FFFFFFFF8D170480
GPR15 0000000000003A7E
GPR16 0000000000002800
GPR17 FFFFFFFFFF89E690
GPR18 0000000000000000
GPR19 0000000000000000
GPR20 0000000000000000
GPR21 0000000000000000
GPR22 FFFFFFFFF003C01F
GPR23 0000000000000000
GPR24 000000000FFE0000
GPR25 0000000050000000
GPR26 FFFFFFFFFFFFFF00
GPR27 00000000000000FF
GPR28 0000000000000000
GPR29 00000000000000FF
GPR30 0000000000000000
GPR31 
CR 0000000030409300
LR 0000000000000000
CTR 00000000000000FF
XER 00000000C0080000

