GPR0 0000000000000000
GPR1 0000000000000000
GPR2 0000000000000000
GPR3 0000000000000000
GPR4 0000000000000000
GPR5 FFFFFFFFFFFFCAE3
GPR6 FFFFFFFFFFFFFFFF
GPR7 0000000000000000
GPR8 0000000000000000
GPR9 0000000000000000
GPR10 FFFFFFFFFFFFFFE0
GPR11 0000000000000000
GPR12 FFFFCAE3FFFFC003
GPR13 0000000000000000
GPR14 0000000000000000
GPR15 FFFFFFFFFFFFFFE8
GPR16 0000000000000000
GPR17 FFFFFFFFFFFFE94A
GPR18 0000000000000000
GPR19 0000000000003501
GPR20 000000000000E6C3
GPR21 0000000000000000
GPR22 FFFFFFFFFFFFCAFE
GPR23 FFFFFFFFFFFFFFE0
GPR24 0000000000000000
GPR25 0000000000000000
GPR26 0000000000000000
GPR27 0000000000000020
GPR28 0000000000000000
GPR29 0000000000000000
GPR30 0000000000006D04
GPR31 
CR 000000003E50B955
LR 0000000000000000
CTR FFFFFFFFFFFFFFFF
XER 00000000A0040000

