GPR0 0000000000000000
GPR1 0000000000000000
GPR2 0000000000000000
GPR3 0000000000000000
GPR4 0000000000000000
GPR5 000000000001C020
GPR6 FFFFFFFFFFFFFFFF
GPR7 0000000000000000
GPR8 FFFFFFFFFFFFFFF8
GPR9 0000000000000000
GPR10 000000000001C015
GPR11 0000000000000000
GPR12 FFFFFFFFFFFFFFFF
GPR13 0000000000000040
GPR14 0000000000000000
GPR15 0000000000000000
GPR16 0000000000000000
GPR17 0000000000000000
GPR18 0000000000000000
GPR19 0000000000000000
GPR20 0000000005800070
GPR21 0000000000000000
GPR22 0000000000000000
GPR23 0000000000000000
GPR24 FFFFFE1E1E1E2AF5
GPR25 0000000000000000
GPR26 0000000000000000
GPR27 0B0000E00B0000E0
GPR28 0000000000000000
GPR29 0000000000000000
GPR30 0000000000000000
GPR31 
CR 000000005920D918
LR 0000000000000000
CTR 0000000000000000
XER 00000000C00BFFFF

