GPR0 FFFFFFFFFFFFFFFF
GPR1 FFFFFFFFFFFE9655
GPR2 000000000001C01F
GPR3 0000000000000000
GPR4 000000000001C028
GPR5 0000000000000000
GPR6 0001FFFFAFF32788
GPR7 FFFFFFFFFFFFFFFF
GPR8 FFFE0000500CD876
GPR9 000000001557C020
GPR10 0000000000000000
GPR11 0000000000000000
GPR12 0000000000000000
GPR13 FFFFFFFFFFFFFFFF
GPR14 0000000000000000
GPR15 000000000001C020
GPR16 0000000000000000
GPR17 FFFFFFFFFF000000
GPR18 0000000000000000
GPR19 000000000001C01F
GPR20 0000000000000000
GPR21 0000000000000000
GPR22 0001FFFFAFF3278A
GPR23 0000000000000000
GPR24 0001FFFFAFF3278A
GPR25 0000000000000000
GPR26 0000000045560000
GPR27 000000000001C020
GPR28 000000000001C031
GPR29 000000000001C03E
GPR30 000000009157C028
GPR31 
CR 000000005FF32883
LR 0000000000000001
CTR FFFFFFFFFFFFFFFF
XER 00000000A0040000

