GPR0 FFFFFFFFFFFFFFFB
GPR1 0000000000000006
GPR2 FFFFFFFFFFFFFFFF
GPR3 0000000000000000
GPR4 0000000000000000
GPR5 0000000000000000
GPR6 FFFFFFFFFFFFFFFF
GPR7 0038040020005BEF
GPR8 0000000000000020
GPR9 0000000000004BC0
GPR10 FFFFE00000000000
GPR11 0000000000000000
GPR12 0000000000000000
GPR13 FFFFFFFFFFFFB440
GPR14 00000000000227DC
GPR15 0038040020005BEF
GPR16 0000000000000040
GPR17 0000000000000000
GPR18 FFFFFFFFFFFFFFFF
GPR19 0000000000000000
GPR20 FFFFFFFFFFFFB440
GPR21 0000000000000001
GPR22 0000000000004BC0
GPR23 0000000023FFB439
GPR24 0000000000004BC0
GPR25 000000002BFFB439
GPR26 0000000000000020
GPR27 0000000000000002
GPR28 000000000001C020
GPR29 0000000000000018
GPR30 0000000000000018
GPR31 
CR 00000000995056D3
LR FFFFFFFFFFFFEE5B
CTR FFFFFFFFFFFFFFFB
XER 000000008002FFDE

