GPR0 FFFFFFFFFFFFFFFF
GPR1 FFFFFFFFFFFFFFFF
GPR2 0000000000000000
GPR3 000000000001C01C
GPR4 0000000000000000
GPR5 0000000000000040
GPR6 0000000000000000
GPR7 FFFFFFFFFFFFFFF6
GPR8 0000000000000000
GPR9 0000000000000000
GPR10 0000000000000000
GPR11 0000000000000000
GPR12 0000000000000000
GPR13 FFFFFFFFFFFFE427
GPR14 0000000000000000
GPR15 0000000000000001
GPR16 0000000000000000
GPR17 0000000000000000
GPR18 FFFFFFFFFFFFC0FE
GPR19 0000000000000000
GPR20 0000000000007B92
GPR21 0000000000000000
GPR22 0000000000001FFF
GPR23 0000000000000000
GPR24 0000000000000000
GPR25 0000000000000000
GPR26 0000000000000000
GPR27 FFFFFFFFFFFFFFFF
GPR28 000000001FFFFFFE
GPR29 0000000000003F01
GPR30 0000000000000000
GPR31 
CR 0000000033B00959
LR FFFFFFFFFFFE3FE0
CTR FFFFFFFFFFFFFFFF
XER 00000000C0080000

