GPR0 0000000000000000
GPR1 0000000000000000
GPR2 0000000000000000
GPR3 0000000000000000
GPR4 000000000007FFFC
GPR5 0000000000000000
GPR6 00000FFF76000001
GPR7 0000000000000000
GPR8 0000000000000000
GPR9 0000000023C60020
GPR10 00000000007FFFFF
GPR11 0000800000008000
GPR12 00011E2F00011E2F
GPR13 0000000000000000
GPR14 0000008000000000
GPR15 0000000000000000
GPR16 FFFFFFFFFFFFFFBF
GPR17 0000000000000000
GPR18 0000000000000000
GPR19 0000000000000000
GPR20 000000000007FFBB
GPR21 0000000023C60020
GPR22 FFFFFFFFFFFFFFFF
GPR23 0000000000000000
GPR24 0000000000000040
GPR25 0000000000000000
GPR26 00000FFF76000000
GPR27 0000020000000200
GPR28 0000000000000040
GPR29 0000000000000001
GPR30 0000000000000000
GPR31 
CR 00000000308BFF45
LR 00000FFF76000000
CTR 0000000000000000
XER 0000000080020020

