GPR0 0000000000000000
GPR1 FFFFFFFFFFFFFFFE
GPR2 0000000000000000
GPR3 FFFFFFFFFFFFFFFE
GPR4 0000000000000000
GPR5 0000000000000000
GPR6 0000000000000000
GPR7 0000000000000000
GPR8 FFFFFFFFFFFFFFDF
GPR9 0000000000000000
GPR10 0000000000000000
GPR11 0000000000000000
GPR12 FFFFFFFFFFFFFFFF
GPR13 0000000000000005
GPR14 0000000000000020
GPR15 0000000000000000
GPR16 0000000000000000
GPR17 0000000000000000
GPR18 0000000000000034
GPR19 0000000000000000
GPR20 0000000000000000
GPR21 FFFFFFFFFFFFBF41
GPR22 0000000000000000
GPR23 0000000000007C34
GPR24 0000000000000034
GPR25 0000000000000000
GPR26 0000000000000041
GPR27 000000000001C020
GPR28 0000000000000000
GPR29 0000000000000020
GPR30 0000000000000000
GPR31 
CR 0000000095053325
LR 0000000000000000
CTR FFFFFFFFFFFFFFFF
XER 00000000A0040600

