GPR0 0000000000000040
GPR1 0000000000000000
GPR2 FFFFFFFFFFFFFFC0
GPR3 000000000001C020
GPR4 FFFFFFFFFFFFFFFF
GPR5 0000000000000000
GPR6 FFFFFFFFF8040000
GPR7 0000000000000040
GPR8 0000000000000000
GPR9 0000000000000000
GPR10 0000000000000000
GPR11 0000000000000001
GPR12 0000000000000000
GPR13 0000000000000000
GPR14 FFFFFFFFFFFFFFFF
GPR15 0000000000000000
GPR16 FFFFFFFFFFFFFF00
GPR17 0000000000000040
GPR18 0000000000000001
GPR19 FFFFFFFFFFFE3FD7
GPR20 0000000080000020
GPR21 FFFFFFFFFFFFFFFF
GPR22 0000000000000000
GPR23 0000000000000000
GPR24 FFFFFFFFF8040000
GPR25 000000000001C020
GPR26 0000000000000000
GPR27 0000000000000040
GPR28 0000000000000000
GPR29 0000000000000000
GPR30 FFFFFFFFFFFFE8F9
GPR31 
CR 000000005959BD88
LR FFFFFFFFFFFFFFFF
CTR 0000000000000000
XER 0000000080000020

