GPR0 FFFFFFFFFFFFFFFF
GPR1 0000000000000000
GPR2 0000000000000000
GPR3 FFFFFFFFFFFFFFFF
GPR4 0000000000000000
GPR5 000003FC00000000
GPR6 0000000400000000
GPR7 FFFFFFFFFFFFFFFF
GPR8 FFFFFFFFC05A0000
GPR9 FFFFFFFFFFFFFFFF
GPR10 0000000000000050
GPR11 47FFFE774003FE77
GPR12 000000003FC00000
GPR13 0000000000000000
GPR14 000000003FA60000
GPR15 0000000400000000
GPR16 FFFF1FEEFFF0002E
GPR17 0000000000000000
GPR18 0000000000000000
GPR19 0000000000000000
GPR20 000000000000C000
GPR21 0000000000000000
GPR22 0000000000000000
GPR23 000000000FFFFFFF
GPR24 FFFFFFFFFFFFFFFF
GPR25 FFFFFFFFFFFFFFFF
GPR26 0000000000016550
GPR27 FFFFFFFFFFFE3FDC
GPR28 000000000000E4E3
GPR29 0000000000000000
GPR30 FFFFFFFFFFFE3FDD
GPR31 
CR 0000000044510008
LR 0000019000000000
CTR 0000000000000000
XER 0000000000000000

