GPR0 FFFFFFFFFFFFFFFF
GPR1 FFFFFFFFFFFFFFFF
GPR2 0000000000000000
GPR3 0000000000000020
GPR4 C0000003FFFFFFFF
GPR5 000000000001C016
GPR6 FFFFFFFFFFFFFFFF
GPR7 0000000000000001
GPR8 FFFFFFFF00000001
GPR9 000000000001C00E
GPR10 0000000000000000
GPR11 0000000000E00000
GPR12 0000000000000001
GPR13 000000000001C020
GPR14 01C00E0000000000
GPR15 0000000000000000
GPR16 FFFFFFFFFFFE3FEA
GPR17 0000000000000000
GPR18 0000000000000000
GPR19 0000000000000000
GPR20 0000000000000000
GPR21 0000000000000000
GPR22 0000000000000000
GPR23 0000000000000000
GPR24 FFFFFFFFFFFFFFFF
GPR25 0000000000000001
GPR26 0000000000000000
GPR27 0000000000000000
GPR28 0000000000000000
GPR29 0000000000000040
GPR30 0000000000000000
GPR31 
CR 0000000035595895
LR 0000000000000000
CTR FFFFFFFFDFFEABEF
XER 00000000A0063FEA

